Archive member included to satisfy reference by file (symbol)

e:/arm tools/imt_arm_course/imt_arm_course/02- tools/03- imt sdk/imt_sdk_win_64/imt_sdk_win_64/winarm/armgcc/bin/../lib/gcc/arm-none-eabi/7.2.1/../../../../arm-none-eabi/lib/thumb/v7-m\libg_nano.a(lib_a-errno.o)
                              ./system/src/newlib/_sbrk.o (__errno)
e:/arm tools/imt_arm_course/imt_arm_course/02- tools/03- imt sdk/imt_sdk_win_64/imt_sdk_win_64/winarm/armgcc/bin/../lib/gcc/arm-none-eabi/7.2.1/../../../../arm-none-eabi/lib/thumb/v7-m\libg_nano.a(lib_a-impure.o)
                              e:/arm tools/imt_arm_course/imt_arm_course/02- tools/03- imt sdk/imt_sdk_win_64/imt_sdk_win_64/winarm/armgcc/bin/../lib/gcc/arm-none-eabi/7.2.1/../../../../arm-none-eabi/lib/thumb/v7-m\libg_nano.a(lib_a-errno.o) (_impure_ptr)
e:/arm tools/imt_arm_course/imt_arm_course/02- tools/03- imt sdk/imt_sdk_win_64/imt_sdk_win_64/winarm/armgcc/bin/../lib/gcc/arm-none-eabi/7.2.1/../../../../arm-none-eabi/lib/thumb/v7-m\libg_nano.a(lib_a-memset.o)
                              ./src/ECUM.o (memset)
e:/arm tools/imt_arm_course/imt_arm_course/02- tools/03- imt sdk/imt_sdk_win_64/imt_sdk_win_64/winarm/armgcc/bin/../lib/gcc/arm-none-eabi/7.2.1/../../../../arm-none-eabi/lib/thumb/v7-m\libg_nano.a(lib_a-strlen.o)
                              ./system/src/diag/Trace.o (strlen)
e:/arm tools/imt_arm_course/imt_arm_course/02- tools/03- imt sdk/imt_sdk_win_64/imt_sdk_win_64/winarm/armgcc/bin/../lib/gcc/arm-none-eabi/7.2.1/../../../../arm-none-eabi/lib/thumb/v7-m\libg_nano.a(lib_a-vsnprintf.o)
                              ./system/src/diag/Trace.o (vsnprintf)
e:/arm tools/imt_arm_course/imt_arm_course/02- tools/03- imt sdk/imt_sdk_win_64/imt_sdk_win_64/winarm/armgcc/bin/../lib/gcc/arm-none-eabi/7.2.1/../../../../arm-none-eabi/lib/thumb/v7-m\libg_nano.a(lib_a-nano-svfprintf.o)
                              e:/arm tools/imt_arm_course/imt_arm_course/02- tools/03- imt sdk/imt_sdk_win_64/imt_sdk_win_64/winarm/armgcc/bin/../lib/gcc/arm-none-eabi/7.2.1/../../../../arm-none-eabi/lib/thumb/v7-m\libg_nano.a(lib_a-vsnprintf.o) (_svfprintf_r)
e:/arm tools/imt_arm_course/imt_arm_course/02- tools/03- imt sdk/imt_sdk_win_64/imt_sdk_win_64/winarm/armgcc/bin/../lib/gcc/arm-none-eabi/7.2.1/../../../../arm-none-eabi/lib/thumb/v7-m\libg_nano.a(lib_a-nano-vfprintf_i.o)
                              e:/arm tools/imt_arm_course/imt_arm_course/02- tools/03- imt sdk/imt_sdk_win_64/imt_sdk_win_64/winarm/armgcc/bin/../lib/gcc/arm-none-eabi/7.2.1/../../../../arm-none-eabi/lib/thumb/v7-m\libg_nano.a(lib_a-nano-svfprintf.o) (_printf_i)
e:/arm tools/imt_arm_course/imt_arm_course/02- tools/03- imt sdk/imt_sdk_win_64/imt_sdk_win_64/winarm/armgcc/bin/../lib/gcc/arm-none-eabi/7.2.1/../../../../arm-none-eabi/lib/thumb/v7-m\libg_nano.a(lib_a-memchr-stub.o)
                              e:/arm tools/imt_arm_course/imt_arm_course/02- tools/03- imt sdk/imt_sdk_win_64/imt_sdk_win_64/winarm/armgcc/bin/../lib/gcc/arm-none-eabi/7.2.1/../../../../arm-none-eabi/lib/thumb/v7-m\libg_nano.a(lib_a-nano-svfprintf.o) (memchr)
e:/arm tools/imt_arm_course/imt_arm_course/02- tools/03- imt sdk/imt_sdk_win_64/imt_sdk_win_64/winarm/armgcc/bin/../lib/gcc/arm-none-eabi/7.2.1/../../../../arm-none-eabi/lib/thumb/v7-m\libg_nano.a(lib_a-memcpy-stub.o)
                              e:/arm tools/imt_arm_course/imt_arm_course/02- tools/03- imt sdk/imt_sdk_win_64/imt_sdk_win_64/winarm/armgcc/bin/../lib/gcc/arm-none-eabi/7.2.1/../../../../arm-none-eabi/lib/thumb/v7-m\libg_nano.a(lib_a-nano-svfprintf.o) (memcpy)
e:/arm tools/imt_arm_course/imt_arm_course/02- tools/03- imt sdk/imt_sdk_win_64/imt_sdk_win_64/winarm/armgcc/bin/../lib/gcc/arm-none-eabi/7.2.1/../../../../arm-none-eabi/lib/thumb/v7-m\libg_nano.a(lib_a-memmove.o)
                              e:/arm tools/imt_arm_course/imt_arm_course/02- tools/03- imt sdk/imt_sdk_win_64/imt_sdk_win_64/winarm/armgcc/bin/../lib/gcc/arm-none-eabi/7.2.1/../../../../arm-none-eabi/lib/thumb/v7-m\libg_nano.a(lib_a-nano-svfprintf.o) (memmove)
e:/arm tools/imt_arm_course/imt_arm_course/02- tools/03- imt sdk/imt_sdk_win_64/imt_sdk_win_64/winarm/armgcc/bin/../lib/gcc/arm-none-eabi/7.2.1/../../../../arm-none-eabi/lib/thumb/v7-m\libg_nano.a(lib_a-nano-freer.o)
                              e:/arm tools/imt_arm_course/imt_arm_course/02- tools/03- imt sdk/imt_sdk_win_64/imt_sdk_win_64/winarm/armgcc/bin/../lib/gcc/arm-none-eabi/7.2.1/../../../../arm-none-eabi/lib/thumb/v7-m\libg_nano.a(lib_a-nano-svfprintf.o) (_free_r)
e:/arm tools/imt_arm_course/imt_arm_course/02- tools/03- imt sdk/imt_sdk_win_64/imt_sdk_win_64/winarm/armgcc/bin/../lib/gcc/arm-none-eabi/7.2.1/../../../../arm-none-eabi/lib/thumb/v7-m\libg_nano.a(lib_a-nano-mallocr.o)
                              e:/arm tools/imt_arm_course/imt_arm_course/02- tools/03- imt sdk/imt_sdk_win_64/imt_sdk_win_64/winarm/armgcc/bin/../lib/gcc/arm-none-eabi/7.2.1/../../../../arm-none-eabi/lib/thumb/v7-m\libg_nano.a(lib_a-nano-svfprintf.o) (_malloc_r)
[...]
Memory Configuration

Name             Origin             Length             Attributes
RAM              0x20000000         0x00005000         xrw
CCMRAM           0x00000000         0x00000000         xrw
FLASH            0x08000000         0x00010000         xr
FLASHB1          0x00000000         0x00000000         xr
EXTMEMB0         0x00000000         0x00000000         xr
EXTMEMB1         0x00000000         0x00000000         xr
EXTMEMB2         0x00000000         0x00000000         xr
EXTMEMB3         0x00000000         0x00000000         xr
MEMORY_ARRAY     0x00000000         0x00000000         xrw
*default*        0x00000000         0xffffffff

Linker script and memory map

LOAD ./system/src/stm32f1-stdperiph/misc.o
LOAD ./system/src/stm32f1-stdperiph/stm32f10x_gpio.o
LOAD ./system/src/stm32f1-stdperiph/stm32f10x_rcc.o
LOAD ./system/src/newlib/_cxx.o
LOAD ./system/src/newlib/_exit.o
LOAD ./system/src/newlib/_sbrk.o
LOAD ./system/src/newlib/_startup.o
LOAD ./system/src/newlib/_syscalls.o
LOAD ./system/src/newlib/assert.o
LOAD ./system/src/diag/Trace.o
LOAD ./system/src/diag/trace_impl.o
LOAD ./system/src/cortexm/_initialize_hardware.o
LOAD ./system/src/cortexm/_reset_hardware.o
LOAD ./system/src/cortexm/exception_handlers.o
LOAD ./system/src/cmsis/system_stm32f10x.o
LOAD ./system/src/cmsis/vectors_stm32f10x.o
LOAD ./src/AFIO_program.o
LOAD ./src/ECUM.o
LOAD ./src/EXTI_program.o
LOAD ./src/GPIO_program.o
LOAD ./src/IRREMOTE_program.o
LOAD ./src/LedMTRX_program.o
LOAD ./src/Led_program.o
LOAD ./src/NVIC_program.o
LOAD ./src/RCC_program.o
LOAD ./src/SYSTICK_program.o
LOAD ./src/Timer_program.o
LOAD ./src/main.o
LOAD e:/arm tools/imt_arm_course/imt_arm_course/02- tools/03- imt sdk/imt_sdk_win_64/imt_sdk_win_64/winarm/armgcc/bin/../lib/gcc/arm-none-eabi/7.2.1/../../../../arm-none-eabi/lib/thumb/v7-m\libstdc++_nano.a
LOAD e:/arm tools/imt_arm_course/imt_arm_course/02- tools/03- imt sdk/imt_sdk_win_64/imt_sdk_win_64/winarm/armgcc/bin/../lib/gcc/arm-none-eabi/7.2.1/../../../../arm-none-eabi/lib/thumb/v7-m\libm.a
START GROUP
LOAD e:/arm tools/imt_arm_course/imt_arm_course/02- tools/03- imt sdk/imt_sdk_win_64/imt_sdk_win_64/winarm/armgcc/bin/../lib/gcc/arm-none-eabi/7.2.1/thumb/v7-m\libgcc.a
LOAD e:/arm tools/imt_arm_course/imt_arm_course/02- tools/03- imt sdk/imt_sdk_win_64/imt_sdk_win_64/winarm/armgcc/bin/../lib/gcc/arm-none-eabi/7.2.1/../../../../arm-none-eabi/lib/thumb/v7-m\libg_nano.a
LOAD e:/arm tools/imt_arm_course/imt_arm_course/02- tools/03- imt sdk/imt_sdk_win_64/imt_sdk_win_64/winarm/armgcc/bin/../lib/gcc/arm-none-eabi/7.2.1/../../../../arm-none-eabi/lib/thumb/v7-m\libc_nano.a
END GROUP
START GROUP
LOAD e:/arm tools/imt_arm_course/imt_arm_course/02- tools/03- imt sdk/imt_sdk_win_64/imt_sdk_win_64/winarm/armgcc/bin/../lib/gcc/arm-none-eabi/7.2.1/thumb/v7-m\libgcc.a
LOAD e:/arm tools/imt_arm_course/imt_arm_course/02- tools/03- imt sdk/imt_sdk_win_64/imt_sdk_win_64/winarm/armgcc/bin/../lib/gcc/arm-none-eabi/7.2.1/../../../../arm-none-eabi/lib/thumb/v7-m\libc_nano.a
END GROUP
                0x20005000                __stack = (ORIGIN (RAM) + LENGTH (RAM))
                0x20005000                _estack = __stack
                0x00000400                __Main_Stack_Size = 0x400
                [!provide]                PROVIDE (_Main_Stack_Size, __Main_Stack_Size)
                0x20004c00                __Main_Stack_Limit = (__stack - __Main_Stack_Size)
                [!provide]                PROVIDE (_Main_Stack_Limit, __Main_Stack_Limit)
                0x00000100                _Minimum_Stack_Size = 0x100
                0x20000398                PROVIDE (_Heap_Begin, _end_noinit)
                0x20004c00                PROVIDE (_Heap_Limit, (__stack - __Main_Stack_Size))

.isr_vector     0x08000000      0x350
 FILL mask 0xff
                0x08000000                __vectors_start = ABSOLUTE (.)
                0x08000000                __vectors_start__ = ABSOLUTE (.)
 *(.isr_vector)
 .isr_vector    0x08000000      0x10c ./system/src/cmsis/vectors_stm32f10x.o
                0x08000000                __isr_vectors
 *(.cfmconfig)
 *(.after_vectors .after_vectors.*)
 .after_vectors
                0x0800010c      0x114 ./system/src/newlib/_startup.o
                0x0800010c                _start
 .after_vectors
                0x08000220      0x12c ./system/src/cortexm/exception_handlers.o
                0x08000220                Reset_Handler
                0x08000226                NMI_Handler
                0x0800022a                HardFault_Handler
                0x0800023e                HardFault_Handler_C
                0x0800029c                MemManage_Handler
                0x080002a0                BusFault_Handler
                0x080002b4                BusFault_Handler_C
                0x080002e8                UsageFault_Handler
                0x080002fc                UsageFault_Handler_C
                0x08000330                SVC_Handler
                0x08000334                DebugMon_Handler
                0x08000338                PendSV_Handler
 .after_vectors
                0x0800034c        0x4 ./system/src/cmsis/vectors_stm32f10x.o
                0x0800034c                EXTI2_IRQHandler
                0x0800034c                TIM8_TRG_COM_IRQHandler
                0x0800034c                TIM8_CC_IRQHandler
                0x0800034c                TIM1_CC_IRQHandler
                0x0800034c                TIM6_IRQHandler
                0x0800034c                PVD_IRQHandler
                0x0800034c                SDIO_IRQHandler
                0x0800034c                CAN2_RX1_IRQHandler
                0x0800034c                EXTI3_IRQHandler
                0x0800034c                TIM8_TRG_COM_TIM14_IRQHandler
                0x0800034c                TIM1_UP_TIM10_IRQHandler
                0x0800034c                TIM8_UP_TIM13_IRQHandler
                0x0800034c                I2C2_EV_IRQHandler
                0x0800034c                CAN1_RX0_IRQHandler
                0x0800034c                TIM1_UP_TIM16_IRQHandler
                0x0800034c                CAN2_SCE_IRQHandler
                0x0800034c                ADC1_2_IRQHandler
                0x0800034c                SPI1_IRQHandler
                0x0800034c                TAMPER_IRQHandler
                0x0800034c                TIM6_DAC_IRQHandler
                0x0800034c                TIM1_BRK_TIM9_IRQHandler
                0x0800034c                CAN2_RX0_IRQHandler
                0x0800034c                TIM8_UP_IRQHandler
                0x0800034c                DMA2_Channel2_IRQHandler
                0x0800034c                DMA1_Channel4_IRQHandler
                0x0800034c                USART3_IRQHandler
                0x0800034c                RTC_IRQHandler
                0x0800034c                DMA1_Channel7_IRQHandler
                0x0800034c                CAN1_RX1_IRQHandler
                0x0800034c                UART5_IRQHandler
                0x0800034c                ADC3_IRQHandler
                0x0800034c                TIM4_IRQHandler
                0x0800034c                DMA2_Channel1_IRQHandler
                0x0800034c                I2C1_EV_IRQHandler
                0x0800034c                DMA1_Channel6_IRQHandler
                0x0800034c                UART4_IRQHandler
                0x0800034c                DMA2_Channel4_IRQHandler
                0x0800034c                TIM3_IRQHandler
                0x0800034c                RCC_IRQHandler
                0x0800034c                TIM8_BRK_TIM12_IRQHandler
                0x0800034c                TIM1_TRG_COM_IRQHandler
                0x0800034c                DMA1_Channel1_IRQHandler
                0x0800034c                Default_Handler
                0x0800034c                CEC_IRQHandler
                0x0800034c                EXTI15_10_IRQHandler
                0x0800034c                TIM14_IRQHandler
                0x0800034c                TIM13_IRQHandler
                0x0800034c                TIM12_IRQHandler
                0x0800034c                TIM7_IRQHandler
                0x0800034c                CAN2_TX_IRQHandler
                0x0800034c                TIM5_IRQHandler
                0x0800034c                EXTI9_5_IRQHandler
                0x0800034c                ETH_WKUP_IRQHandler
                0x0800034c                SPI2_IRQHandler
                0x0800034c                CAN1_TX_IRQHandler
                0x0800034c                DMA2_Channel5_IRQHandler
                0x0800034c                DMA1_Channel5_IRQHandler
                0x0800034c                EXTI4_IRQHandler
                0x0800034c                USB_LP_CAN1_RX0_IRQHandler
                0x0800034c                TIM1_TRG_COM_TIM17_IRQHandler
                0x0800034c                USB_HP_CAN1_TX_IRQHandler
                0x0800034c                DMA1_Channel3_IRQHandler
                0x0800034c                FSMC_IRQHandler
                0x0800034c                ETH_IRQHandler
                0x0800034c                WWDG_IRQHandler
                0x0800034c                TIM2_IRQHandler
                0x0800034c                OTG_FS_WKUP_IRQHandler
                0x0800034c                TIM1_TRG_COM_TIM11_IRQHandler
                0x0800034c                TIM1_BRK_IRQHandler
                0x0800034c                RTCAlarm_IRQHandler
                0x0800034c                DMA2_Channel4_5_IRQHandler
                0x0800034c                USART2_IRQHandler
                0x0800034c                I2C2_ER_IRQHandler
                0x0800034c                DMA1_Channel2_IRQHandler
                0x0800034c                TIM8_BRK_IRQHandler
                0x0800034c                CAN1_SCE_IRQHandler
                0x0800034c                FLASH_IRQHandler
                0x0800034c                USART1_IRQHandler
                0x0800034c                OTG_FS_IRQHandler
                0x0800034c                SPI3_IRQHandler
                0x0800034c                I2C1_ER_IRQHandler
                0x0800034c                USBWakeUp_IRQHandler
                0x0800034c                DMA2_Channel3_IRQHandler
                0x0800034c                TIM1_BRK_TIM15_IRQHandler

.inits          0x08000350       0x28
                0x08000350                __data_regions_array_start = .
                0x08000350        0x4 LONG 0x8001bec LOADADDR (.data)
                0x08000354        0x4 LONG 0x20000000 ADDR (.data)
                0x08000358        0x4 LONG 0x2000012c (ADDR (.data) + SIZEOF (.data))
                0x0800035c        0x4 LONG 0x8001bec LOADADDR (.data_CCMRAM)
                0x08000360        0x4 LONG 0x0 ADDR (.data_CCMRAM)
                0x08000364        0x4 LONG 0x0 (ADDR (.data_CCMRAM) + SIZEOF (.data_CCMRAM))
                0x08000368                __data_regions_array_end = .
                0x08000368                __bss_regions_array_start = .
                0x08000368        0x4 LONG 0x2000012c ADDR (.bss)
                0x0800036c        0x4 LONG 0x20000398 (ADDR (.bss) + SIZEOF (.bss))
                0x08000370        0x4 LONG 0x0 ADDR (.bss_CCMRAM)
                0x08000374        0x4 LONG 0x0 (ADDR (.bss_CCMRAM) + SIZEOF (.bss_CCMRAM))
                0x08000378                __bss_regions_array_end = .
 *(.init)
 *(.fini)
                0x08000378                . = ALIGN (0x4)
                0x08000378                PROVIDE (__preinit_array_start, .)
 *(.preinit_array_sysinit .preinit_array_sysinit.*)
 *(.preinit_array_platform .preinit_array_platform.*)
 *(.preinit_array .preinit_array.*)
                0x08000378                PROVIDE (__preinit_array_end, .)
                0x08000378                . = ALIGN (0x4)
                0x08000378                PROVIDE (__init_array_start, .)
 *(SORT_BY_NAME(.init_array.*))
 *(.init_array)
                0x08000378                PROVIDE (__init_array_end, .)
                0x08000378                . = ALIGN (0x4)
                0x08000378                PROVIDE (__fini_array_start, .)
 *(SORT_BY_NAME(.fini_array.*))
 *(.fini_array)
                0x08000378                PROVIDE (__fini_array_end, .)

.flashtext
 *(.flashtext .flashtext.*)

.text           0x08000378     0x1873
 *(.text .text.*)
 .text._exit    0x08000378        0x2 ./system/src/newlib/_exit.o
                0x08000378                _exit
 *fill*         0x0800037a        0x2 
 .text._sbrk    0x0800037c       0x44 ./system/src/newlib/_sbrk.o
                0x0800037c                _sbrk
 .text.__initialize_args
                0x080003c0       0x10 ./system/src/newlib/_syscalls.o
                0x080003c0                __initialize_args
 .text.trace_printf
                0x080003d0       0x30 ./system/src/diag/Trace.o
                0x080003d0                trace_printf
 .text._trace_write_semihosting_debug
                0x08000400       0x60 ./system/src/diag/trace_impl.o
 .text.trace_write
                0x08000460        0x8 ./system/src/diag/trace_impl.o
                0x08000460                trace_write
 .text.__initialize_hardware_early
                0x08000468       0x18 ./system/src/cortexm/_initialize_hardware.o
                0x08000468                __initialize_hardware_early
 .text.__initialize_hardware
                0x08000480        0x8 ./system/src/cortexm/_initialize_hardware.o
                0x08000480                __initialize_hardware
 .text.dumpExceptionStack
                0x08000488       0xf4 ./system/src/cortexm/exception_handlers.o
                0x08000488                dumpExceptionStack
 .text.isSemihosting
                0x0800057c       0x20 ./system/src/cortexm/exception_handlers.o
                0x0800057c                isSemihosting
 .text.SetSysClockTo72
                0x0800059c       0xc4 ./system/src/cmsis/system_stm32f10x.o
 .text.SetSysClock
                0x08000660        0x8 ./system/src/cmsis/system_stm32f10x.o
 .text.SystemInit
                0x08000668       0x50 ./system/src/cmsis/system_stm32f10x.o
                0x08000668                SystemInit
 .text.SystemCoreClockUpdate
                0x080006b8       0x94 ./system/src/cmsis/system_stm32f10x.o
                0x080006b8                SystemCoreClockUpdate
 .text.AFIO_vEXTILineConfig
                0x0800074c       0x30 ./src/AFIO_program.o
                0x0800074c                AFIO_vEXTILineConfig
 .text.ECUM_vTimInit
                0x0800077c       0x38 ./src/ECUM.o
                0x0800077c                ECUM_vTimInit
 .text.ECUM_vRCC_Init
                0x080007b4       0x36 ./src/ECUM.o
                0x080007b4                ECUM_vRCC_Init
 *fill*         0x080007ea        0x2 
 .text.ECUM_vIRRemote_Init
                0x080007ec       0x34 ./src/ECUM.o
                0x080007ec                ECUM_vIRRemote_Init
 .text.ECUM_vIR_ForwardFunc
                0x08000820        0xa ./src/ECUM.o
                0x08000820                ECUM_vIR_ForwardFunc
 .text.ECUM_vIR_BackwardFunc
                0x0800082a        0xa ./src/ECUM.o
                0x0800082a                ECUM_vIR_BackwardFunc
 .text.EXTI_vSetSignalLatch
                0x08000834       0x50 ./src/EXTI_program.o
                0x08000834                EXTI_vSetSignalLatch
 .text.EXTI_vSetCallBack
                0x08000884        0xc ./src/EXTI_program.o
                0x08000884                EXTI_vSetCallBack
 .text.EXTI0_IRQHandler
                0x08000890       0x1c ./src/EXTI_program.o
                0x08000890                EXTI0_IRQHandler
 .text.EXTI1_IRQHandler
                0x080008ac       0x1c ./src/EXTI_program.o
                0x080008ac                EXTI1_IRQHandler
 .text.GPIO_vConfgPin_Mode
                0x080008c8       0x46 ./src/GPIO_program.o
 .text.GPIO_vInit
                0x0800090e        0xc ./src/GPIO_program.o
 .text.GPIO_vInitPortPin
                0x0800091a       0x1e ./src/GPIO_program.o
                0x0800091a                GPIO_vInitPortPin
 .text.GPIO_vWritePortPin
                0x08000938       0x1c ./src/GPIO_program.o
                0x08000938                GPIO_vWritePortPin
 .text.IRREMOTE_u8CheckButton
                0x08000954       0x40 ./src/IRREMOTE_program.o
 .text.IRREMOTE_u8TakeAction
                0x08000994       0xac ./src/IRREMOTE_program.o
 .text.IRREMOTE_SetButtonFunc
                0x08000a40       0x28 ./src/IRREMOTE_program.o
                0x08000a40                IRREMOTE_SetButtonFunc
 .text.IRREMOTE_u8GetFrame
                0x08000a68       0x68 ./src/IRREMOTE_program.o
                0x08000a68                IRREMOTE_u8GetFrame
 .text.LedMtrx_vSetRowVals
                0x08000ad0       0x3c ./src/LedMTRX_program.o
 .text.LedMtrx_vSetCol
                0x08000b0c       0x1c ./src/LedMTRX_program.o
 .text.LedMtrx_vDisableAllCols
                0x08000b28       0x28 ./src/LedMTRX_program.o
                0x08000b28                LedMtrx_vDisableAllCols
 .text.LedMtrx_vInit
                0x08000b50       0x58 ./src/LedMTRX_program.o
                0x08000b50                LedMtrx_vInit
 .text.LedMtrx_vDisplayArr
                0x08000ba8       0x34 ./src/LedMTRX_program.o
                0x08000ba8                LedMtrx_vDisplayArr
 .text.LedMtrx_vDisplayLine
                0x08000bdc       0x3c ./src/LedMTRX_program.o
                0x08000bdc                LedMtrx_vDisplayLine
 .text.LedMtrx_vSetSpeed
                0x08000c18       0x2c ./src/LedMTRX_program.o
                0x08000c18                LedMtrx_vSetSpeed
 .text.NVIC_u8EnableInterrupt
                0x08000c44       0x38 ./src/NVIC_program.o
                0x08000c44                NVIC_u8EnableInterrupt
 .text.RCC_vClockSource
                0x08000c7c       0xc8 ./src/RCC_program.o
 .text.RCC_vPLL_Clock_Source
                0x08000d44       0x74 ./src/RCC_program.o
 .text.RCC_vPLL_Mul
                0x08000db8       0x10 ./src/RCC_program.o
 .text.RCC_vBus_Prescaler
                0x08000dc8       0x2c ./src/RCC_program.o
 .text.RCC_vClockInit
                0x08000df4       0x2a ./src/RCC_program.o
                0x08000df4                RCC_vClockInit
 *fill*         0x08000e1e        0x2 
 .text.RCC_vSetCLKPeripheral
                0x08000e20       0x80 ./src/RCC_program.o
                0x08000e20                RCC_vSetCLKPeripheral
 .text.STK_vInit
                0x08000ea0       0x30 ./src/SYSTICK_program.o
                0x08000ea0                STK_vInit
 .text.STK_vSetIntervalSingle
                0x08000ed0       0x40 ./src/SYSTICK_program.o
                0x08000ed0                STK_vSetIntervalSingle
 .text.STK_u32GetElapsedTime
                0x08000f10       0x14 ./src/SYSTICK_program.o
                0x08000f10                STK_u32GetElapsedTime
 .text.SysTick_Handler
                0x08000f24       0x3c ./src/SYSTICK_program.o
                0x08000f24                SysTick_Handler
 .text.TIM_vSetPeriodValue
                0x08000f60        0x6 ./src/Timer_program.o
                0x08000f60                TIM_vSetPeriodValue
 .text.TIM_vSetPrescalerValue
                0x08000f66        0x6 ./src/Timer_program.o
                0x08000f66                TIM_vSetPrescalerValue
 .text.TIM_vSetCounterState
                0x08000f6c       0x20 ./src/Timer_program.o
                0x08000f6c                TIM_vSetCounterState
 .text.TIM_vSetURS_State
                0x08000f8c       0x20 ./src/Timer_program.o
                0x08000f8c                TIM_vSetURS_State
 .text.TIM_vSetARR_Buffer
                0x08000fac       0x20 ./src/Timer_program.o
                0x08000fac                TIM_vSetARR_Buffer
 .text.TIM_vSetCMS_State
                0x08000fcc       0x64 ./src/Timer_program.o
                0x08000fcc                TIM_vSetCMS_State
 .text.TIM_vSetDirection
                0x08001030       0x20 ./src/Timer_program.o
                0x08001030                TIM_vSetDirection
 .text.TIM_vSetClkDiv
                0x08001050       0x52 ./src/Timer_program.o
                0x08001050                TIM_vSetClkDiv
 .text.TIM_vSetOPM_State
                0x080010a2       0x20 ./src/Timer_program.o
                0x080010a2                TIM_vSetOPM_State
 .text.TIM_vSet_Interrupt
                0x080010c2       0x20 ./src/Timer_program.o
                0x080010c2                TIM_vSet_Interrupt
 .text.TIM_vInit
                0x080010e2       0x56 ./src/Timer_program.o
                0x080010e2                TIM_vInit
 .text.TIM_vSetBusyWait
                0x08001138       0x3c ./src/Timer_program.o
                0x08001138                TIM_vSetBusyWait
 .text.TIM1_UP_IRQHandler
                0x08001174       0x4c ./src/Timer_program.o
                0x08001174                TIM1_UP_IRQHandler
 .text.main     0x080011c0       0x40 ./src/main.o
                0x080011c0                main
 .text.__errno  0x08001200        0xc e:/arm tools/imt_arm_course/imt_arm_course/02- tools/03- imt sdk/imt_sdk_win_64/imt_sdk_win_64/winarm/armgcc/bin/../lib/gcc/arm-none-eabi/7.2.1/../../../../arm-none-eabi/lib/thumb/v7-m\libg_nano.a(lib_a-errno.o)
                0x08001200                __errno
 .text.memset   0x0800120c       0x10 e:/arm tools/imt_arm_course/imt_arm_course/02- tools/03- imt sdk/imt_sdk_win_64/imt_sdk_win_64/winarm/armgcc/bin/../lib/gcc/arm-none-eabi/7.2.1/../../../../arm-none-eabi/lib/thumb/v7-m\libg_nano.a(lib_a-memset.o)
                0x0800120c                memset
 .text._vsnprintf_r
                0x0800121c       0x58 e:/arm tools/imt_arm_course/imt_arm_course/02- tools/03- imt sdk/imt_sdk_win_64/imt_sdk_win_64/winarm/armgcc/bin/../lib/gcc/arm-none-eabi/7.2.1/../../../../arm-none-eabi/lib/thumb/v7-m\libg_nano.a(lib_a-vsnprintf.o)
                0x0800121c                _vsniprintf_r
                0x0800121c                _vsnprintf_r
 .text.vsnprintf
                0x08001274       0x1c e:/arm tools/imt_arm_course/imt_arm_course/02- tools/03- imt sdk/imt_sdk_win_64/imt_sdk_win_64/winarm/armgcc/bin/../lib/gcc/arm-none-eabi/7.2.1/../../../../arm-none-eabi/lib/thumb/v7-m\libg_nano.a(lib_a-vsnprintf.o)
                0x08001274                vsniprintf
                0x08001274                vsnprintf
 .text.__ssputs_r
                0x08001290       0xb4 e:/arm tools/imt_arm_course/imt_arm_course/02- tools/03- imt sdk/imt_sdk_win_64/imt_sdk_win_64/winarm/armgcc/bin/../lib/gcc/arm-none-eabi/7.2.1/../../../../arm-none-eabi/lib/thumb/v7-m\libg_nano.a(lib_a-nano-svfprintf.o)
                0x08001290                __ssputs_r
 .text._svfprintf_r
                0x08001344      0x1ec e:/arm tools/imt_arm_course/imt_arm_course/02- tools/03- imt sdk/imt_sdk_win_64/imt_sdk_win_64/winarm/armgcc/bin/../lib/gcc/arm-none-eabi/7.2.1/../../../../arm-none-eabi/lib/thumb/v7-m\libg_nano.a(lib_a-nano-svfprintf.o)
                0x08001344                _svfiprintf_r
                0x08001344                _svfprintf_r
 .text._printf_common
                0x08001530       0xec e:/arm tools/imt_arm_course/imt_arm_course/02- tools/03- imt sdk/imt_sdk_win_64/imt_sdk_win_64/winarm/armgcc/bin/../lib/gcc/arm-none-eabi/7.2.1/../../../../arm-none-eabi/lib/thumb/v7-m\libg_nano.a(lib_a-nano-vfprintf_i.o)
                0x08001530                _printf_common
 .text._printf_i
                0x0800161c      0x224 e:/arm tools/imt_arm_course/imt_arm_course/02- tools/03- imt sdk/imt_sdk_win_64/imt_sdk_win_64/winarm/armgcc/bin/../lib/gcc/arm-none-eabi/7.2.1/../../../../arm-none-eabi/lib/thumb/v7-m\libg_nano.a(lib_a-nano-vfprintf_i.o)
                0x0800161c                _printf_i
 .text.memchr   0x08001840       0x1c e:/arm tools/imt_arm_course/imt_arm_course/02- tools/03- imt sdk/imt_sdk_win_64/imt_sdk_win_64/winarm/armgcc/bin/../lib/gcc/arm-none-eabi/7.2.1/../../../../arm-none-eabi/lib/thumb/v7-m\libg_nano.a(lib_a-memchr-stub.o)
                0x08001840                memchr
 .text.memcpy   0x0800185c       0x16 e:/arm tools/imt_arm_course/imt_arm_course/02- tools/03- imt sdk/imt_sdk_win_64/imt_sdk_win_64/winarm/armgcc/bin/../lib/gcc/arm-none-eabi/7.2.1/../../../../arm-none-eabi/lib/thumb/v7-m\libg_nano.a(lib_a-memcpy-stub.o)
                0x0800185c                memcpy
 .text.memmove  0x08001872       0x32 e:/arm tools/imt_arm_course/imt_arm_course/02- tools/03- imt sdk/imt_sdk_win_64/imt_sdk_win_64/winarm/armgcc/bin/../lib/gcc/arm-none-eabi/7.2.1/../../../../arm-none-eabi/lib/thumb/v7-m\libg_nano.a(lib_a-memmove.o)
                0x08001872                memmove
 .text._free_r  0x080018a4       0x98 e:/arm tools/imt_arm_course/imt_arm_course/02- tools/03- imt sdk/imt_sdk_win_64/imt_sdk_win_64/winarm/armgcc/bin/../lib/gcc/arm-none-eabi/7.2.1/../../../../arm-none-eabi/lib/thumb/v7-m\libg_nano.a(lib_a-nano-freer.o)
                0x080018a4                _free_r
 .text._malloc_r
                0x0800193c       0xb4 e:/arm tools/imt_arm_course/imt_arm_course/02- tools/03- imt sdk/imt_sdk_win_64/imt_sdk_win_64/winarm/armgcc/bin/../lib/gcc/arm-none-eabi/7.2.1/../../../../arm-none-eabi/lib/thumb/v7-m\libg_nano.a(lib_a-nano-mallocr.o)
                0x0800193c                _malloc_r
 .text._realloc_r
                0x080019f0       0x4c e:/arm tools/imt_arm_course/imt_arm_course/02- tools/03- imt sdk/imt_sdk_win_64/imt_sdk_win_64/winarm/armgcc/bin/../lib/gcc/arm-none-eabi/7.2.1/../../../../arm-none-eabi/lib/thumb/v7-m\libg_nano.a(lib_a-nano-reallocr.o)
                0x080019f0                _realloc_r
 .text._sbrk_r  0x08001a3c       0x20 e:/arm tools/imt_arm_course/imt_arm_course/02- tools/03- imt sdk/imt_sdk_win_64/imt_sdk_win_64/winarm/armgcc/bin/../lib/gcc/arm-none-eabi/7.2.1/../../../../arm-none-eabi/lib/thumb/v7-m\libg_nano.a(lib_a-sbrkr.o)
                0x08001a3c                _sbrk_r
 .text.__malloc_lock
                0x08001a5c        0x2 e:/arm tools/imt_arm_course/imt_arm_course/02- tools/03- imt sdk/imt_sdk_win_64/imt_sdk_win_64/winarm/armgcc/bin/../lib/gcc/arm-none-eabi/7.2.1/../../../../arm-none-eabi/lib/thumb/v7-m\libg_nano.a(lib_a-mlock.o)
                0x08001a5c                __malloc_lock
 .text.__malloc_unlock
                0x08001a5e        0x2 e:/arm tools/imt_arm_course/imt_arm_course/02- tools/03- imt sdk/imt_sdk_win_64/imt_sdk_win_64/winarm/armgcc/bin/../lib/gcc/arm-none-eabi/7.2.1/../../../../arm-none-eabi/lib/thumb/v7-m\libg_nano.a(lib_a-mlock.o)
                0x08001a5e                __malloc_unlock
 .text._malloc_usable_size_r
                0x08001a60       0x10 e:/arm tools/imt_arm_course/imt_arm_course/02- tools/03- imt sdk/imt_sdk_win_64/imt_sdk_win_64/winarm/armgcc/bin/../lib/gcc/arm-none-eabi/7.2.1/../../../../arm-none-eabi/lib/thumb/v7-m\libg_nano.a(lib_a-nano-msizer.o)
                0x08001a60                _malloc_usable_size_r
 *(.rodata .rodata.* .constdata .constdata.*)
 .rodata.dumpExceptionStack.str1.4
                0x08001a70      0x11a ./system/src/cortexm/exception_handlers.o
 *fill*         0x08001b8a        0x2 
 .rodata.str1.4
                0x08001b8c       0x2c ./system/src/cortexm/exception_handlers.o
                                 0x2a (size before relaxing)
 .rodata._svfprintf_r.str1.1
                0x08001bb8       0x11 e:/arm tools/imt_arm_course/imt_arm_course/02- tools/03- imt sdk/imt_sdk_win_64/imt_sdk_win_64/winarm/armgcc/bin/../lib/gcc/arm-none-eabi/7.2.1/../../../../arm-none-eabi/lib/thumb/v7-m\libg_nano.a(lib_a-nano-svfprintf.o)
 .rodata._printf_i.str1.1
                0x08001bc9       0x22 e:/arm tools/imt_arm_course/imt_arm_course/02- tools/03- imt sdk/imt_sdk_win_64/imt_sdk_win_64/winarm/armgcc/bin/../lib/gcc/arm-none-eabi/7.2.1/../../../../arm-none-eabi/lib/thumb/v7-m\libg_nano.a(lib_a-nano-vfprintf_i.o)
 *(vtable)
 *(.eh_frame*)
 *(.glue_7)
 .glue_7        0x08001beb        0x0 linker stubs
 *(.glue_7t)
 .glue_7t       0x08001beb        0x0 linker stubs

.vfp11_veneer   0x08001bec        0x0
 .vfp11_veneer  0x08001bec        0x0 linker stubs

.v4_bx          0x08001bec        0x0
 .v4_bx         0x08001bec        0x0 linker stubs

.iplt           0x08001bec        0x0
 .iplt          0x08001bec        0x0 ./system/src/newlib/_exit.o

.rel.dyn        0x08001bec        0x0
 .rel.iplt      0x08001bec        0x0 ./system/src/newlib/_exit.o

.ARM.extab
 *(.ARM.extab* .gnu.linkonce.armextab.*)
                0x08001bec                . = ALIGN (0x4)
                0x08001bec                __exidx_start = .

.ARM.exidx
 *(.ARM.exidx* .gnu.linkonce.armexidx.*)
                0x08001bec                __exidx_end = .
                0x08001bec                . = ALIGN (0x4)
                0x08001bec                _etext = .
                0x08001bec                __etext = .

.data_CCMRAM    0x00000000        0x0 load address 0x08001bec
 FILL mask 0xff
 *(.data.CCMRAM .data.CCMRAM.*)
                0x00000000                . = ALIGN (0x4)
                0x08001bec                _sidata = LOADADDR (.data)

.data           0x20000000      0x12c load address 0x08001bec
 FILL mask 0xff
                0x20000000                _sdata = .
                0x20000000                __data_start__ = .
 *(.data_begin .data_begin.*)
 .data_begin    0x20000000        0x4 ./system/src/newlib/_startup.o
 *(.data .data.*)
 .data.argv.4310
                0x20000004        0x8 ./system/src/newlib/_syscalls.o
 .data.AHBPrescTable
                0x2000000c       0x10 ./system/src/cmsis/system_stm32f10x.o
                0x2000000c                AHBPrescTable
 .data.SystemCoreClock
                0x2000001c        0x4 ./system/src/cmsis/system_stm32f10x.o
                0x2000001c                SystemCoreClock
 .data.LedMtrxCols_Map
                0x20000020       0x40 ./src/LedMTRX_program.o
                0x20000020                LedMtrxCols_Map
 .data.LedMtrxRows_Map
                0x20000060       0x40 ./src/LedMTRX_program.o
                0x20000060                LedMtrxRows_Map
 .data.u8DispState
                0x200000a0        0x1 ./src/LedMTRX_program.o
 .data.u8DisplaySpeed
                0x200000a1        0x1 ./src/LedMTRX_program.o
 *fill*         0x200000a2        0x2 ff
 .data.MyName   0x200000a4       0x1e ./src/main.o
                0x200000a4                MyName
 *fill*         0x200000c2        0x2 ff
 .data._impure_ptr
                0x200000c4        0x4 e:/arm tools/imt_arm_course/imt_arm_course/02- tools/03- imt sdk/imt_sdk_win_64/imt_sdk_win_64/winarm/armgcc/bin/../lib/gcc/arm-none-eabi/7.2.1/../../../../arm-none-eabi/lib/thumb/v7-m\libg_nano.a(lib_a-impure.o)
                0x200000c4                _impure_ptr
 .data.impure_data
                0x200000c8       0x60 e:/arm tools/imt_arm_course/imt_arm_course/02- tools/03- imt sdk/imt_sdk_win_64/imt_sdk_win_64/winarm/armgcc/bin/../lib/gcc/arm-none-eabi/7.2.1/../../../../arm-none-eabi/lib/thumb/v7-m\libg_nano.a(lib_a-impure.o)
 *(.data_end .data_end.*)
 .data_end      0x20000128        0x4 ./system/src/newlib/_startup.o
                0x2000012c                . = ALIGN (0x4)
                0x2000012c                _edata = .
                0x2000012c                __data_end__ = .

.igot.plt       0x2000012c        0x0 load address 0x08001d18
 .igot.plt      0x2000012c        0x0 ./system/src/newlib/_exit.o

.bss_CCMRAM     0x00000000        0x0
 *(.bss.CCMRAM .bss.CCMRAM.*)

.bss            0x2000012c      0x26c
                0x2000012c                __bss_start__ = .
                0x2000012c                _sbss = .
 *(.bss_begin .bss_begin.*)
 .bss_begin     0x2000012c        0x4 ./system/src/newlib/_startup.o
 *(.bss .bss.*)
 .bss.current_heap_end.3961
                0x20000130        0x4 ./system/src/newlib/_sbrk.o
 .bss.name.4309
                0x20000134        0x1 ./system/src/newlib/_syscalls.o
 *fill*         0x20000135        0x3 
 .bss.buf.5205  0x20000138       0x80 ./system/src/diag/Trace.o
 .bss.EXTI_vEXTI_CallBack
                0x200001b8       0x4c ./src/EXTI_program.o
 .bss.u32IRREMOTE_Frame
                0x20000204       0xc8 ./src/IRREMOTE_program.o
 .bss.u8ButtonsIndex
                0x200002cc        0x1 ./src/IRREMOTE_program.o
 .bss.u8EdgeCounter
                0x200002cd        0x1 ./src/IRREMOTE_program.o
 .bss.u8IRREMOTE_Error
                0x200002ce        0x1 ./src/IRREMOTE_program.o
 .bss.u8StartFlag
                0x200002cf        0x1 ./src/IRREMOTE_program.o
 .bss.STK_u8IntervalMode
                0x200002d0        0x1 ./src/SYSTICK_program.o
 *fill*         0x200002d1        0x3 
 .bss.SysTick_CallBack
                0x200002d4        0x4 ./src/SYSTICK_program.o
 .bss.TIM_u8IntervalMode
                0x200002d8        0x1 ./src/Timer_program.o
 *fill*         0x200002d9        0x3 
 .bss.Timer_CallBack
                0x200002dc        0x4 ./src/Timer_program.o
 .bss.__malloc_free_list
                0x200002e0        0x4 e:/arm tools/imt_arm_course/imt_arm_course/02- tools/03- imt sdk/imt_sdk_win_64/imt_sdk_win_64/winarm/armgcc/bin/../lib/gcc/arm-none-eabi/7.2.1/../../../../arm-none-eabi/lib/thumb/v7-m\libg_nano.a(lib_a-nano-mallocr.o)
                0x200002e0                __malloc_free_list
 .bss.__malloc_sbrk_start
                0x200002e4        0x4 e:/arm tools/imt_arm_course/imt_arm_course/02- tools/03- imt sdk/imt_sdk_win_64/imt_sdk_win_64/winarm/armgcc/bin/../lib/gcc/arm-none-eabi/7.2.1/../../../../arm-none-eabi/lib/thumb/v7-m\libg_nano.a(lib_a-nano-mallocr.o)
                0x200002e4                __malloc_sbrk_start
 *(COMMON)
 COMMON         0x200002e8        0x4 ./system/src/newlib/_syscalls.o
                0x200002e8                errno
 COMMON         0x200002ec       0xa8 ./src/IRREMOTE_program.o
                0x200002ec                RemoteButtons
 *(.bss_end .bss_end.*)
 .bss_end       0x20000394        0x4 ./system/src/newlib/_startup.o
                0x20000398                . = ALIGN (0x4)
                0x20000398                __bss_end__ = .
                0x20000398                _ebss = .

.noinit_CCMRAM
 *(.noinit.CCMRAM .noinit.CCMRAM.*)

.noinit         0x20000398        0x0
                0x20000398                _noinit = .
 *(.noinit .noinit.*)
                0x20000398                . = ALIGN (0x4)
                0x20000398                _end_noinit = .
                [!provide]                PROVIDE (end, _end_noinit)
                [!provide]                PROVIDE (_end, _end_noinit)
                [!provide]                PROVIDE (__end, _end_noinit)
                [!provide]                PROVIDE (__end__, _end_noinit)

._check_stack   0x20000398      0x100
                0x20000498                . = (. + _Minimum_Stack_Size)
 *fill*         0x20000398      0x100 

.b1text
 *(.b1text)
 *(.b1rodata)
 *(.b1rodata.*)

.eb0text
 *(.eb0text)
 *(.eb0rodata)
 *(.eb0rodata.*)

.eb1text
 *(.eb1text)
 *(.eb1rodata)
 *(.eb1rodata.*)

.eb2text
 *(.eb2text)
 *(.eb2rodata)
 *(.eb2rodata.*)

.eb3text
 *(.eb3text)
 *(.eb3rodata)
 *(.eb3rodata.*)

.stab
 *(.stab)

.stabstr
 *(.stabstr)

.stab.excl
 *(.stab.excl)

.stab.exclstr
 *(.stab.exclstr)

.stab.index
 *(.stab.index)

.stab.indexstr
 *(.stab.indexstr)

.comment        0x00000000       0x7e
 *(.comment)
 .comment       0x00000000       0x7e ./system/src/newlib/_exit.o
                                 0x7f (size before relaxing)
 .comment       0x0000007e       0x7f ./system/src/newlib/_sbrk.o
 .comment       0x0000007e       0x7f ./system/src/newlib/_startup.o
 .comment       0x0000007e       0x7f ./system/src/newlib/_syscalls.o
 .comment       0x0000007e       0x7f ./system/src/diag/Trace.o
 .comment       0x0000007e       0x7f ./system/src/diag/trace_impl.o
 .comment       0x0000007e       0x7f ./system/src/cortexm/_initialize_hardware.o
 .comment       0x0000007e       0x7f ./system/src/cortexm/exception_handlers.o
 .comment       0x0000007e       0x7f ./system/src/cmsis/system_stm32f10x.o
 .comment       0x0000007e       0x7f ./system/src/cmsis/vectors_stm32f10x.o
 .comment       0x0000007e       0x7f ./src/AFIO_program.o
 .comment       0x0000007e       0x7f ./src/ECUM.o
 .comment       0x0000007e       0x7f ./src/EXTI_program.o
 .comment       0x0000007e       0x7f ./src/GPIO_program.o
 .comment       0x0000007e       0x7f ./src/IRREMOTE_program.o
 .comment       0x0000007e       0x7f ./src/LedMTRX_program.o
 .comment       0x0000007e       0x7f ./src/NVIC_program.o
 .comment       0x0000007e       0x7f ./src/RCC_program.o
 .comment       0x0000007e       0x7f ./src/SYSTICK_program.o
 .comment       0x0000007e       0x7f ./src/Timer_program.o
 .comment       0x0000007e       0x7f ./src/main.o

.ARM.attributes
                0x00000000       0x31
 .ARM.attributes
                0x00000000       0x33 ./system/src/newlib/_exit.o
 .ARM.attributes
                0x00000033       0x33 ./system/src/newlib/_sbrk.o
 .ARM.attributes
                0x00000066       0x33 ./system/src/newlib/_startup.o
 .ARM.attributes
                0x00000099       0x33 ./system/src/newlib/_syscalls.o
 .ARM.attributes
                0x000000cc       0x33 ./system/src/diag/Trace.o
 .ARM.attributes
                0x000000ff       0x33 ./system/src/diag/trace_impl.o
 .ARM.attributes
                0x00000132       0x33 ./system/src/cortexm/_initialize_hardware.o
 .ARM.attributes
                0x00000165       0x33 ./system/src/cortexm/exception_handlers.o
 .ARM.attributes
                0x00000198       0x33 ./system/src/cmsis/system_stm32f10x.o
 .ARM.attributes
                0x000001cb       0x33 ./system/src/cmsis/vectors_stm32f10x.o
 .ARM.attributes
                0x000001fe       0x33 ./src/AFIO_program.o
 .ARM.attributes
                0x00000231       0x33 ./src/ECUM.o
 .ARM.attributes
                0x00000264       0x33 ./src/EXTI_program.o
 .ARM.attributes
                0x00000297       0x33 ./src/GPIO_program.o
 .ARM.attributes
                0x000002ca       0x33 ./src/IRREMOTE_program.o
 .ARM.attributes
                0x000002fd       0x33 ./src/LedMTRX_program.o
 .ARM.attributes
                0x00000330       0x33 ./src/NVIC_program.o
 .ARM.attributes
                0x00000363       0x33 ./src/RCC_program.o
 .ARM.attributes
                0x00000396       0x33 ./src/SYSTICK_program.o
 .ARM.attributes
                0x000003c9       0x33 ./src/Timer_program.o
 .ARM.attributes
                0x000003fc       0x33 ./src/main.o
 .ARM.attributes
                0x0000042f       0x2d e:/arm tools/imt_arm_course/imt_arm_course/02- tools/03- imt sdk/imt_sdk_win_64/imt_sdk_win_64/winarm/armgcc/bin/../lib/gcc/arm-none-eabi/7.2.1/../../../../arm-none-eabi/lib/thumb/v7-m\libg_nano.a(lib_a-errno.o)
 .ARM.attributes
                0x0000045c       0x2d e:/arm tools/imt_arm_course/imt_arm_course/02- tools/03- imt sdk/imt_sdk_win_64/imt_sdk_win_64/winarm/armgcc/bin/../lib/gcc/arm-none-eabi/7.2.1/../../../../arm-none-eabi/lib/thumb/v7-m\libg_nano.a(lib_a-impure.o)
 .ARM.attributes
                0x00000489       0x2d e:/arm tools/imt_arm_course/imt_arm_course/02- tools/03- imt sdk/imt_sdk_win_64/imt_sdk_win_64/winarm/armgcc/bin/../lib/gcc/arm-none-eabi/7.2.1/../../../../arm-none-eabi/lib/thumb/v7-m\libg_nano.a(lib_a-memset.o)
 .ARM.attributes
                0x000004b6       0x2d e:/arm tools/imt_arm_course/imt_arm_course/02- tools/03- imt sdk/imt_sdk_win_64/imt_sdk_win_64/winarm/armgcc/bin/../lib/gcc/arm-none-eabi/7.2.1/../../../../arm-none-eabi/lib/thumb/v7-m\libg_nano.a(lib_a-vsnprintf.o)
 .ARM.attributes
                0x000004e3       0x2d e:/arm tools/imt_arm_course/imt_arm_course/02- tools/03- imt sdk/imt_sdk_win_64/imt_sdk_win_64/winarm/armgcc/bin/../lib/gcc/arm-none-eabi/7.2.1/../../../../arm-none-eabi/lib/thumb/v7-m\libg_nano.a(lib_a-nano-svfprintf.o)
 .ARM.attributes
                0x00000510       0x2d e:/arm tools/imt_arm_course/imt_arm_course/02- tools/03- imt sdk/imt_sdk_win_64/imt_sdk_win_64/winarm/armgcc/bin/../lib/gcc/arm-none-eabi/7.2.1/../../../../arm-none-eabi/lib/thumb/v7-m\libg_nano.a(lib_a-nano-vfprintf_i.o)
 .ARM.attributes
                0x0000053d       0x2d e:/arm tools/imt_arm_course/imt_arm_course/02- tools/03- imt sdk/imt_sdk_win_64/imt_sdk_win_64/winarm/armgcc/bin/../lib/gcc/arm-none-eabi/7.2.1/../../../../arm-none-eabi/lib/thumb/v7-m\libg_nano.a(lib_a-memchr-stub.o)
 .ARM.attributes
                0x0000056a       0x2d e:/arm tools/imt_arm_course/imt_arm_course/02- tools/03- imt sdk/imt_sdk_win_64/imt_sdk_win_64/winarm/armgcc/bin/../lib/gcc/arm-none-eabi/7.2.1/../../../../arm-none-eabi/lib/thumb/v7-m\libg_nano.a(lib_a-memcpy-stub.o)
 .ARM.attributes
                0x00000597       0x2d e:/arm tools/imt_arm_course/imt_arm_course/02- tools/03- imt sdk/imt_sdk_win_64/imt_sdk_win_64/winarm/armgcc/bin/../lib/gcc/arm-none-eabi/7.2.1/../../../../arm-none-eabi/lib/thumb/v7-m\libg_nano.a(lib_a-memmove.o)
 .ARM.attributes
                0x000005c4       0x2d e:/arm tools/imt_arm_course/imt_arm_course/02- tools/03- imt sdk/imt_sdk_win_64/imt_sdk_win_64/winarm/armgcc/bin/../lib/gcc/arm-none-eabi/7.2.1/../../../../arm-none-eabi/lib/thumb/v7-m\libg_nano.a(lib_a-nano-freer.o)
 .ARM.attributes
                0x000005f1       0x2d e:/arm tools/imt_arm_course/imt_arm_course/02- tools/03- imt sdk/imt_sdk_win_64/imt_sdk_win_64/winarm/armgcc/bin/../lib/gcc/arm-none-eabi/7.2.1/../../../../arm-none-eabi/lib/thumb/v7-m\libg_nano.a(lib_a-nano-mallocr.o)
 .ARM.attributes
                0x0000061e       0x2d e:/arm tools/imt_arm_course/imt_arm_course/02- tools/03- imt sdk/imt_sdk_win_64/imt_sdk_win_64/winarm/armgcc/bin/../lib/gcc/arm-none-eabi/7.2.1/../../../../arm-none-eabi/lib/thumb/v7-m\libg_nano.a(lib_a-nano-reallocr.o)
 .ARM.attributes
                0x0000064b       0x2d e:/arm tools/imt_arm_course/imt_arm_course/02- tools/03- imt sdk/imt_sdk_win_64/imt_sdk_win_64/winarm/armgcc/bin/../lib/gcc/arm-none-eabi/7.2.1/../../../../arm-none-eabi/lib/thumb/v7-m\libg_nano.a(lib_a-sbrkr.o)
 .ARM.attributes
                0x00000678       0x2d e:/arm tools/imt_arm_course/imt_arm_course/02- tools/03- imt sdk/imt_sdk_win_64/imt_sdk_win_64/winarm/armgcc/bin/../lib/gcc/arm-none-eabi/7.2.1/../../../../arm-none-eabi/lib/thumb/v7-m\libg_nano.a(lib_a-mlock.o)
 .ARM.attributes
                0x000006a5       0x2d e:/arm tools/imt_arm_course/imt_arm_course/02- tools/03- imt sdk/imt_sdk_win_64/imt_sdk_win_64/winarm/armgcc/bin/../lib/gcc/arm-none-eabi/7.2.1/../../../../arm-none-eabi/lib/thumb/v7-m\libg_nano.a(lib_a-nano-msizer.o)

.debug
 *(.debug)

.line
 *(.line)

.debug_srcinfo
 *(.debug_srcinfo)

.debug_sfnames
 *(.debug_sfnames)

.debug_aranges  0x00000000      0x5b0
 *(.debug_aranges)
 .debug_aranges
                0x00000000       0x28 ./system/src/newlib/_exit.o
 .debug_aranges
                0x00000028       0x20 ./system/src/newlib/_sbrk.o
 .debug_aranges
                0x00000048       0x40 ./system/src/newlib/_startup.o
 .debug_aranges
                0x00000088       0x30 ./system/src/newlib/_syscalls.o
 .debug_aranges
                0x000000b8       0x38 ./system/src/diag/Trace.o
 .debug_aranges
                0x000000f0       0x30 ./system/src/diag/trace_impl.o
 .debug_aranges
                0x00000120       0x28 ./system/src/cortexm/_initialize_hardware.o
 .debug_aranges
                0x00000148       0x90 ./system/src/cortexm/exception_handlers.o
 .debug_aranges
                0x000001d8       0x38 ./system/src/cmsis/system_stm32f10x.o
 .debug_aranges
                0x00000210       0x20 ./system/src/cmsis/vectors_stm32f10x.o
 .debug_aranges
                0x00000230       0x28 ./src/AFIO_program.o
 .debug_aranges
                0x00000258       0x40 ./src/ECUM.o
 .debug_aranges
                0x00000298       0x60 ./src/EXTI_program.o
 .debug_aranges
                0x000002f8       0x50 ./src/GPIO_program.o
 .debug_aranges
                0x00000348       0x48 ./src/IRREMOTE_program.o
 .debug_aranges
                0x00000390       0x68 ./src/LedMTRX_program.o
 .debug_aranges
                0x000003f8       0x58 ./src/NVIC_program.o
 .debug_aranges
                0x00000450       0x58 ./src/RCC_program.o
 .debug_aranges
                0x000004a8       0x58 ./src/SYSTICK_program.o
 .debug_aranges
                0x00000500       0x90 ./src/Timer_program.o
 .debug_aranges
                0x00000590       0x20 ./src/main.o

.debug_pubnames
 *(.debug_pubnames)

.debug_info     0x00000000     0x8c64
 *(.debug_info .gnu.linkonce.wi.*)
 .debug_info    0x00000000      0x956 ./system/src/newlib/_exit.o
 .debug_info    0x00000956      0x942 ./system/src/newlib/_sbrk.o
 .debug_info    0x00001298      0x42e ./system/src/newlib/_startup.o
 .debug_info    0x000016c6      0xa19 ./system/src/newlib/_syscalls.o
 .debug_info    0x000020df      0xb2a ./system/src/diag/Trace.o
 .debug_info    0x00002c09      0x363 ./system/src/diag/trace_impl.o
 .debug_info    0x00002f6c      0x2b5 ./system/src/cortexm/_initialize_hardware.o
 .debug_info    0x00003221     0x1140 ./system/src/cortexm/exception_handlers.o
 .debug_info    0x00004361      0x494 ./system/src/cmsis/system_stm32f10x.o
 .debug_info    0x000047f5       0xca ./system/src/cmsis/vectors_stm32f10x.o
 .debug_info    0x000048bf      0x15a ./src/AFIO_program.o
 .debug_info    0x00004a19     0x121d ./src/ECUM.o
 .debug_info    0x00005c36      0x241 ./src/EXTI_program.o
 .debug_info    0x00005e77      0x321 ./src/GPIO_program.o
 .debug_info    0x00006198      0x3f0 ./src/IRREMOTE_program.o
 .debug_info    0x00006588      0x7dc ./src/LedMTRX_program.o
 .debug_info    0x00006d64      0x5f3 ./src/NVIC_program.o
 .debug_info    0x00007357      0x442 ./src/RCC_program.o
 .debug_info    0x00007799      0x24a ./src/SYSTICK_program.o
 .debug_info    0x000079e3      0x844 ./src/Timer_program.o
 .debug_info    0x00008227      0xa3d ./src/main.o

.debug_abbrev   0x00000000     0x2136
 *(.debug_abbrev)
 .debug_abbrev  0x00000000      0x1f3 ./system/src/newlib/_exit.o
 .debug_abbrev  0x000001f3      0x1fc ./system/src/newlib/_sbrk.o
 .debug_abbrev  0x000003ef      0x1b3 ./system/src/newlib/_startup.o
 .debug_abbrev  0x000005a2      0x234 ./system/src/newlib/_syscalls.o
 .debug_abbrev  0x000007d6      0x276 ./system/src/diag/Trace.o
 .debug_abbrev  0x00000a4c      0x1e2 ./system/src/diag/trace_impl.o
 .debug_abbrev  0x00000c2e       0xea ./system/src/cortexm/_initialize_hardware.o
 .debug_abbrev  0x00000d18      0x32b ./system/src/cortexm/exception_handlers.o
 .debug_abbrev  0x00001043      0x177 ./system/src/cmsis/system_stm32f10x.o
 .debug_abbrev  0x000011ba       0x9d ./system/src/cmsis/vectors_stm32f10x.o
 .debug_abbrev  0x00001257       0xc3 ./src/AFIO_program.o
 .debug_abbrev  0x0000131a      0x209 ./src/ECUM.o
 .debug_abbrev  0x00001523      0x13d ./src/EXTI_program.o
 .debug_abbrev  0x00001660      0x123 ./src/GPIO_program.o
 .debug_abbrev  0x00001783      0x192 ./src/IRREMOTE_program.o
 .debug_abbrev  0x00001915      0x155 ./src/LedMTRX_program.o
 .debug_abbrev  0x00001a6a      0x13a ./src/NVIC_program.o
 .debug_abbrev  0x00001ba4      0x151 ./src/RCC_program.o
 .debug_abbrev  0x00001cf5      0x12d ./src/SYSTICK_program.o
 .debug_abbrev  0x00001e22      0x10e ./src/Timer_program.o
 .debug_abbrev  0x00001f30      0x206 ./src/main.o

.debug_line     0x00000000     0x44f9
 *(.debug_line)
 .debug_line    0x00000000      0x42b ./system/src/newlib/_exit.o
 .debug_line    0x0000042b      0x3df ./system/src/newlib/_sbrk.o
 .debug_line    0x0000080a      0x499 ./system/src/newlib/_startup.o
 .debug_line    0x00000ca3      0x52c ./system/src/newlib/_syscalls.o
 .debug_line    0x000011cf      0x4a7 ./system/src/diag/Trace.o
 .debug_line    0x00001676      0x714 ./system/src/diag/trace_impl.o
 .debug_line    0x00001d8a      0x3ab ./system/src/cortexm/_initialize_hardware.o
 .debug_line    0x00002135      0x7d6 ./system/src/cortexm/exception_handlers.o
 .debug_line    0x0000290b      0x41e ./system/src/cmsis/system_stm32f10x.o
 .debug_line    0x00002d29      0x137 ./system/src/cmsis/vectors_stm32f10x.o
 .debug_line    0x00002e60       0xac ./src/AFIO_program.o
 .debug_line    0x00002f0c      0x4b3 ./src/ECUM.o
 .debug_line    0x000033bf      0x135 ./src/EXTI_program.o
 .debug_line    0x000034f4      0x132 ./src/GPIO_program.o
 .debug_line    0x00003626      0x1ae ./src/IRREMOTE_program.o
 .debug_line    0x000037d4      0x273 ./src/LedMTRX_program.o
 .debug_line    0x00003a47      0x17d ./src/NVIC_program.o
 .debug_line    0x00003bc4      0x1ae ./src/RCC_program.o
 .debug_line    0x00003d72      0x13d ./src/SYSTICK_program.o
 .debug_line    0x00003eaf      0x1d7 ./src/Timer_program.o
 .debug_line    0x00004086      0x473 ./src/main.o

.debug_frame    0x00000000      0xe9c
 *(.debug_frame)
 .debug_frame   0x00000000       0x38 ./system/src/newlib/_exit.o
 .debug_frame   0x00000038       0x28 ./system/src/newlib/_sbrk.o
 .debug_frame   0x00000060       0x7c ./system/src/newlib/_startup.o
 .debug_frame   0x000000dc       0x50 ./system/src/newlib/_syscalls.o
 .debug_frame   0x0000012c       0x94 ./system/src/diag/Trace.o
 .debug_frame   0x000001c0       0x64 ./system/src/diag/trace_impl.o
 .debug_frame   0x00000224       0x40 ./system/src/cortexm/_initialize_hardware.o
 .debug_frame   0x00000264      0x158 ./system/src/cortexm/exception_handlers.o
 .debug_frame   0x000003bc       0x6c ./system/src/cmsis/system_stm32f10x.o
 .debug_frame   0x00000428       0x20 ./system/src/cmsis/vectors_stm32f10x.o
 .debug_frame   0x00000448       0x3c ./src/AFIO_program.o
 .debug_frame   0x00000484       0x94 ./src/ECUM.o
 .debug_frame   0x00000518       0xb0 ./src/EXTI_program.o
 .debug_frame   0x000005c8       0xa4 ./src/GPIO_program.o
 .debug_frame   0x0000066c       0xbc ./src/IRREMOTE_program.o
 .debug_frame   0x00000728      0x110 ./src/LedMTRX_program.o
 .debug_frame   0x00000838       0xcc ./src/NVIC_program.o
 .debug_frame   0x00000904       0x9c ./src/RCC_program.o
 .debug_frame   0x000009a0       0xa4 ./src/SYSTICK_program.o
 .debug_frame   0x00000a44      0x120 ./src/Timer_program.o
 .debug_frame   0x00000b64       0x28 ./src/main.o
 .debug_frame   0x00000b8c       0x20 e:/arm tools/imt_arm_course/imt_arm_course/02- tools/03- imt sdk/imt_sdk_win_64/imt_sdk_win_64/winarm/armgcc/bin/../lib/gcc/arm-none-eabi/7.2.1/../../../../arm-none-eabi/lib/thumb/v7-m\libg_nano.a(lib_a-errno.o)
 .debug_frame   0x00000bac       0x20 e:/arm tools/imt_arm_course/imt_arm_course/02- tools/03- imt sdk/imt_sdk_win_64/imt_sdk_win_64/winarm/armgcc/bin/../lib/gcc/arm-none-eabi/7.2.1/../../../../arm-none-eabi/lib/thumb/v7-m\libg_nano.a(lib_a-memset.o)
 .debug_frame   0x00000bcc       0x4c e:/arm tools/imt_arm_course/imt_arm_course/02- tools/03- imt sdk/imt_sdk_win_64/imt_sdk_win_64/winarm/armgcc/bin/../lib/gcc/arm-none-eabi/7.2.1/../../../../arm-none-eabi/lib/thumb/v7-m\libg_nano.a(lib_a-vsnprintf.o)
 .debug_frame   0x00000c18       0x90 e:/arm tools/imt_arm_course/imt_arm_course/02- tools/03- imt sdk/imt_sdk_win_64/imt_sdk_win_64/winarm/armgcc/bin/../lib/gcc/arm-none-eabi/7.2.1/../../../../arm-none-eabi/lib/thumb/v7-m\libg_nano.a(lib_a-nano-svfprintf.o)
 .debug_frame   0x00000ca8       0x60 e:/arm tools/imt_arm_course/imt_arm_course/02- tools/03- imt sdk/imt_sdk_win_64/imt_sdk_win_64/winarm/armgcc/bin/../lib/gcc/arm-none-eabi/7.2.1/../../../../arm-none-eabi/lib/thumb/v7-m\libg_nano.a(lib_a-nano-vfprintf_i.o)
 .debug_frame   0x00000d08       0x28 e:/arm tools/imt_arm_course/imt_arm_course/02- tools/03- imt sdk/imt_sdk_win_64/imt_sdk_win_64/winarm/armgcc/bin/../lib/gcc/arm-none-eabi/7.2.1/../../../../arm-none-eabi/lib/thumb/v7-m\libg_nano.a(lib_a-memchr-stub.o)
 .debug_frame   0x00000d30       0x28 e:/arm tools/imt_arm_course/imt_arm_course/02- tools/03- imt sdk/imt_sdk_win_64/imt_sdk_win_64/winarm/armgcc/bin/../lib/gcc/arm-none-eabi/7.2.1/../../../../arm-none-eabi/lib/thumb/v7-m\libg_nano.a(lib_a-memcpy-stub.o)
 .debug_frame   0x00000d58       0x28 e:/arm tools/imt_arm_course/imt_arm_course/02- tools/03- imt sdk/imt_sdk_win_64/imt_sdk_win_64/winarm/armgcc/bin/../lib/gcc/arm-none-eabi/7.2.1/../../../../arm-none-eabi/lib/thumb/v7-m\libg_nano.a(lib_a-memmove.o)
 .debug_frame   0x00000d80       0x38 e:/arm tools/imt_arm_course/imt_arm_course/02- tools/03- imt sdk/imt_sdk_win_64/imt_sdk_win_64/winarm/armgcc/bin/../lib/gcc/arm-none-eabi/7.2.1/../../../../arm-none-eabi/lib/thumb/v7-m\libg_nano.a(lib_a-nano-freer.o)
 .debug_frame   0x00000db8       0x2c e:/arm tools/imt_arm_course/imt_arm_course/02- tools/03- imt sdk/imt_sdk_win_64/imt_sdk_win_64/winarm/armgcc/bin/../lib/gcc/arm-none-eabi/7.2.1/../../../../arm-none-eabi/lib/thumb/v7-m\libg_nano.a(lib_a-nano-mallocr.o)
 .debug_frame   0x00000de4       0x3c e:/arm tools/imt_arm_course/imt_arm_course/02- tools/03- imt sdk/imt_sdk_win_64/imt_sdk_win_64/winarm/armgcc/bin/../lib/gcc/arm-none-eabi/7.2.1/../../../../arm-none-eabi/lib/thumb/v7-m\libg_nano.a(lib_a-nano-reallocr.o)
 .debug_frame   0x00000e20       0x2c e:/arm tools/imt_arm_course/imt_arm_course/02- tools/03- imt sdk/imt_sdk_win_64/imt_sdk_win_64/winarm/armgcc/bin/../lib/gcc/arm-none-eabi/7.2.1/../../../../arm-none-eabi/lib/thumb/v7-m\libg_nano.a(lib_a-sbrkr.o)
 .debug_frame   0x00000e4c       0x30 e:/arm tools/imt_arm_course/imt_arm_course/02- tools/03- imt sdk/imt_sdk_win_64/imt_sdk_win_64/winarm/armgcc/bin/../lib/gcc/arm-none-eabi/7.2.1/../../../../arm-none-eabi/lib/thumb/v7-m\libg_nano.a(lib_a-mlock.o)
 .debug_frame   0x00000e7c       0x20 e:/arm tools/imt_arm_course/imt_arm_course/02- tools/03- imt sdk/imt_sdk_win_64/imt_sdk_win_64/winarm/armgcc/bin/../lib/gcc/arm-none-eabi/7.2.1/../../../../arm-none-eabi/lib/thumb/v7-m\libg_nano.a(lib_a-nano-msizer.o)

.debug_str      0x00000000    0x59c99
 *(.debug_str)
 .debug_str     0x00000000     0x7d13 ./system/src/newlib/_exit.o
                               0x7ee6 (size before relaxing)
 .debug_str     0x00007d13      0x4f5 ./system/src/newlib/_sbrk.o
                               0x7298 (size before relaxing)
 .debug_str     0x00008208      0xbbd ./system/src/newlib/_startup.o
                               0x69d3 (size before relaxing)
 .debug_str     0x00008dc5      0xe8b ./system/src/newlib/_syscalls.o
                               0x8173 (size before relaxing)
 .debug_str     0x00009c50      0x826 ./system/src/diag/Trace.o
                               0x865e (size before relaxing)
 .debug_str     0x0000a476    0x4b2b9 ./system/src/diag/trace_impl.o
                              0x52a44 (size before relaxing)
 .debug_str     0x0005572f       0xc4 ./system/src/cortexm/_initialize_hardware.o
                              0x4e835 (size before relaxing)
 .debug_str     0x000557f3      0x1a6 ./system/src/cortexm/exception_handlers.o
                              0x53c69 (size before relaxing)
 .debug_str     0x00055999      0x114 ./system/src/cmsis/system_stm32f10x.o
                              0x4e8cf (size before relaxing)
 .debug_str     0x00055aad       0x57 ./system/src/cmsis/vectors_stm32f10x.o
                               0x3874 (size before relaxing)
 .debug_str     0x00055b04      0xa42 ./src/AFIO_program.o
                               0x37d2 (size before relaxing)
 .debug_str     0x00056546     0x1e96 ./src/ECUM.o
                               0x89c0 (size before relaxing)
 .debug_str     0x000583dc      0x153 ./src/EXTI_program.o
                               0x31bf (size before relaxing)
 .debug_str     0x0005852f      0x14a ./src/GPIO_program.o
                               0x373c (size before relaxing)
 .debug_str     0x00058679      0x6ff ./src/IRREMOTE_program.o
                               0x3faa (size before relaxing)
 .debug_str     0x00058d78      0x535 ./src/LedMTRX_program.o
                               0x41c0 (size before relaxing)
 .debug_str     0x000592ad      0x26c ./src/NVIC_program.o
                               0x35d3 (size before relaxing)
 .debug_str     0x00059519      0x18d ./src/RCC_program.o
                               0x38a2 (size before relaxing)
 .debug_str     0x000596a6      0x352 ./src/SYSTICK_program.o
                               0x3327 (size before relaxing)
 .debug_str     0x000599f8      0x283 ./src/Timer_program.o
                               0x39d3 (size before relaxing)
 .debug_str     0x00059c7b       0x1e ./src/main.o
                               0x8008 (size before relaxing)

.debug_loc      0x00000000     0x179b
 *(.debug_loc)
 .debug_loc     0x00000000       0x85 ./system/src/newlib/_sbrk.o
 .debug_loc     0x00000085      0x1a9 ./system/src/newlib/_startup.o
 .debug_loc     0x0000022e       0x63 ./system/src/newlib/_syscalls.o
 .debug_loc     0x00000291       0xf6 ./system/src/diag/Trace.o
 .debug_loc     0x00000387      0x121 ./system/src/diag/trace_impl.o
 .debug_loc     0x000004a8      0x291 ./system/src/cortexm/exception_handlers.o
 .debug_loc     0x00000739       0xdf ./system/src/cmsis/system_stm32f10x.o
 .debug_loc     0x00000818       0x9c ./src/AFIO_program.o
 .debug_loc     0x000008b4      0x13f ./src/EXTI_program.o
 .debug_loc     0x000009f3      0x25e ./src/GPIO_program.o
 .debug_loc     0x00000c51       0xf1 ./src/IRREMOTE_program.o
 .debug_loc     0x00000d42      0x316 ./src/LedMTRX_program.o
 .debug_loc     0x00001058      0x2f5 ./src/NVIC_program.o
 .debug_loc     0x0000134d      0x210 ./src/RCC_program.o
 .debug_loc     0x0000155d      0x119 ./src/SYSTICK_program.o
 .debug_loc     0x00001676      0x125 ./src/Timer_program.o

.debug_macinfo
 *(.debug_macinfo)

.debug_weaknames
 *(.debug_weaknames)

.debug_funcnames
 *(.debug_funcnames)

.debug_typenames
 *(.debug_typenames)

.debug_varnames
 *(.debug_varnames)
OUTPUT(IR_Remote.elf elf32-littlearm)

.debug_ranges   0x00000000      0x4d8
 .debug_ranges  0x00000000       0x18 ./system/src/newlib/_exit.o
 .debug_ranges  0x00000018       0x10 ./system/src/newlib/_sbrk.o
 .debug_ranges  0x00000028       0x78 ./system/src/newlib/_startup.o
 .debug_ranges  0x000000a0       0x20 ./system/src/newlib/_syscalls.o
 .debug_ranges  0x000000c0       0x28 ./system/src/diag/Trace.o
 .debug_ranges  0x000000e8       0x50 ./system/src/diag/trace_impl.o
 .debug_ranges  0x00000138       0x18 ./system/src/cortexm/_initialize_hardware.o
 .debug_ranges  0x00000150       0x80 ./system/src/cortexm/exception_handlers.o
 .debug_ranges  0x000001d0       0x28 ./system/src/cmsis/system_stm32f10x.o
 .debug_ranges  0x000001f8       0x10 ./system/src/cmsis/vectors_stm32f10x.o
 .debug_ranges  0x00000208       0x18 ./src/AFIO_program.o
 .debug_ranges  0x00000220       0x30 ./src/ECUM.o
 .debug_ranges  0x00000250       0x50 ./src/EXTI_program.o
 .debug_ranges  0x000002a0       0x40 ./src/GPIO_program.o
 .debug_ranges  0x000002e0       0x38 ./src/IRREMOTE_program.o
 .debug_ranges  0x00000318       0x58 ./src/LedMTRX_program.o
 .debug_ranges  0x00000370       0x48 ./src/NVIC_program.o
 .debug_ranges  0x000003b8       0x48 ./src/RCC_program.o
 .debug_ranges  0x00000400       0x48 ./src/SYSTICK_program.o
 .debug_ranges  0x00000448       0x80 ./src/Timer_program.o
 .debug_ranges  0x000004c8       0x10 ./src/main.o

.debug_macro    0x00000000     0x33d7
 .debug_macro   0x00000000      0x1b4 ./system/src/newlib/_exit.o
 .debug_macro   0x000001b4       0x9c ./system/src/newlib/_exit.o
 .debug_macro   0x00000250      0x10e ./system/src/newlib/_exit.o
 .debug_macro   0x0000035e       0x8d ./system/src/newlib/_exit.o
 .debug_macro   0x000003eb       0x43 ./system/src/newlib/_exit.o
 .debug_macro   0x0000042e      0x330 ./system/src/newlib/_exit.o
 .debug_macro   0x0000075e       0x35 ./system/src/newlib/_exit.o
 .debug_macro   0x00000793      0x169 ./system/src/newlib/_sbrk.o
 .debug_macro   0x000008fc      0x174 ./system/src/newlib/_sbrk.o
 .debug_macro   0x00000a70       0x10 ./system/src/newlib/_sbrk.o
 .debug_macro   0x00000a80      0x23b ./system/src/newlib/_sbrk.o
 .debug_macro   0x00000cbb      0x173 ./system/src/newlib/_startup.o
 .debug_macro   0x00000e2e      0x217 ./system/src/newlib/_syscalls.o
 .debug_macro   0x00001045       0x1c ./system/src/newlib/_syscalls.o
 .debug_macro   0x00001061       0x10 ./system/src/newlib/_syscalls.o
 .debug_macro   0x00001071       0x10 ./system/src/newlib/_syscalls.o
 .debug_macro   0x00001081       0x10 ./system/src/newlib/_syscalls.o
 .debug_macro   0x00001091       0x35 ./system/src/newlib/_syscalls.o
 .debug_macro   0x000010c6      0x122 ./system/src/newlib/_syscalls.o
 .debug_macro   0x000011e8       0x88 ./system/src/newlib/_syscalls.o
 .debug_macro   0x00001270       0x2b ./system/src/newlib/_syscalls.o
 .debug_macro   0x0000129b      0x118 ./system/src/newlib/_syscalls.o
 .debug_macro   0x000013b3      0x189 ./system/src/newlib/_syscalls.o
 .debug_macro   0x0000153c       0x16 ./system/src/newlib/_syscalls.o
 .debug_macro   0x00001552      0x1fb ./system/src/diag/Trace.o
 .debug_macro   0x0000174d       0x16 ./system/src/diag/Trace.o
 .debug_macro   0x00001763       0x97 ./system/src/diag/Trace.o
 .debug_macro   0x000017fa       0xfd ./system/src/diag/Trace.o
 .debug_macro   0x000018f7       0x10 ./system/src/diag/Trace.o
 .debug_macro   0x00001907       0x16 ./system/src/diag/Trace.o
 .debug_macro   0x0000191d      0x16f ./system/src/diag/Trace.o
 .debug_macro   0x00001a8c       0x4c ./system/src/diag/Trace.o
 .debug_macro   0x00001ad8       0x16 ./system/src/diag/Trace.o
 .debug_macro   0x00001aee      0x2da ./system/src/diag/trace_impl.o
 .debug_macro   0x00001dc8       0x10 ./system/src/diag/trace_impl.o
 .debug_macro   0x00001dd8       0xcf ./system/src/diag/trace_impl.o
 .debug_macro   0x00001ea7       0xbe ./system/src/diag/trace_impl.o
 .debug_macro   0x00001f65       0x22 ./system/src/diag/trace_impl.o
 .debug_macro   0x00001f87      0x16b ./system/src/cortexm/_initialize_hardware.o
 .debug_macro   0x000020f2      0x324 ./system/src/cortexm/exception_handlers.o
 .debug_macro   0x00002416       0x3b ./system/src/cortexm/exception_handlers.o
 .debug_macro   0x00002451       0x10 ./system/src/cortexm/exception_handlers.o
 .debug_macro   0x00002461      0x16e ./system/src/cmsis/system_stm32f10x.o
 .debug_macro   0x000025cf       0x34 ./system/src/cmsis/vectors_stm32f10x.o
 .debug_macro   0x00002603       0x36 ./src/AFIO_program.o
 .debug_macro   0x00002639       0x34 ./src/AFIO_program.o
 .debug_macro   0x0000266d      0x148 ./src/AFIO_program.o
 .debug_macro   0x000027b5       0x16 ./src/AFIO_program.o
 .debug_macro   0x000027cb      0x180 ./src/ECUM.o
 .debug_macro   0x0000294b      0x13c ./src/ECUM.o
 .debug_macro   0x00002a87       0x46 ./src/ECUM.o
 .debug_macro   0x00002acd      0x142 ./src/ECUM.o
 .debug_macro   0x00002c0f       0x40 ./src/ECUM.o
 .debug_macro   0x00002c4f       0x94 ./src/ECUM.o
 .debug_macro   0x00002ce3       0x28 ./src/ECUM.o
 .debug_macro   0x00002d0b       0xb2 ./src/ECUM.o
 .debug_macro   0x00002dbd       0x2e ./src/ECUM.o
 .debug_macro   0x00002deb       0x22 ./src/ECUM.o
 .debug_macro   0x00002e0d       0x36 ./src/EXTI_program.o
 .debug_macro   0x00002e43       0x16 ./src/EXTI_program.o
 .debug_macro   0x00002e59       0x49 ./src/GPIO_program.o
 .debug_macro   0x00002ea2       0x16 ./src/GPIO_program.o
 .debug_macro   0x00002eb8       0x91 ./src/IRREMOTE_program.o
 .debug_macro   0x00002f49       0x2e ./src/IRREMOTE_program.o
 .debug_macro   0x00002f77       0x4c ./src/IRREMOTE_program.o
 .debug_macro   0x00002fc3       0x6f ./src/LedMTRX_program.o
 .debug_macro   0x00003032       0x28 ./src/LedMTRX_program.o
 .debug_macro   0x0000305a       0x40 ./src/LedMTRX_program.o
 .debug_macro   0x0000309a       0x48 ./src/NVIC_program.o
 .debug_macro   0x000030e2       0x16 ./src/NVIC_program.o
 .debug_macro   0x000030f8       0x1c ./src/NVIC_program.o
 .debug_macro   0x00003114       0x3f ./src/RCC_program.o
 .debug_macro   0x00003153       0x16 ./src/RCC_program.o
 .debug_macro   0x00003169       0x16 ./src/RCC_program.o
 .debug_macro   0x0000317f       0x42 ./src/SYSTICK_program.o
 .debug_macro   0x000031c1       0x40 ./src/SYSTICK_program.o
 .debug_macro   0x00003201       0x4c ./src/Timer_program.o
 .debug_macro   0x0000324d      0x18a ./src/main.o
